// Jest Snapshot v1, https://goo.gl/fbAQLP

exports[`should render orgmsp component properly org list should be displayed in combox items 1`] = `
<div
  className="container-fluid"
>
  <div
    className="row"
  >
    <div
      class="orgtitle"
    >
      Organizations
    </div>
  </div>
  <div
    className="row"
    id="orglist"
  >
    <div>
      <img
        src="/images/org.png"
      />
      <p
        align="center"
      >
        Org1
      </p>
    </div>
    <div>
      <img
        src="/images/org.png"
      />
      <p
        align="center"
      >
        Org2
      </p>
    </div>
    <div>
      <img
        src="/images/org.png"
      />
      <p
        align="center"
      >
        Org3
      </p>
    </div>
    <div>
      <img
        src="/images/org.png"
      />
      <p
        align="center"
      >
        Org4
      </p>
    </div>
    <div>
      <img
        src="/images/org.png"
      />
      <p
        align="center"
      >
        Org5
      </p>
    </div>
    <div>
      <img
        src="/images/org.png"
      />
      <p
        align="center"
      >
        Org6
      </p>
    </div>
    <div>
      <img
        src="/images/org.png"
      />
      <p
        align="center"
      >
        Org7
      </p>
    </div>
    <div>
      <img
        src="/images/org.png"
      />
      <p
        align="center"
      >
        Org8
      </p>
    </div>
    <div>
      <img
        src="/images/org.png"
      />
      <p
        align="center"
      >
        Org9
      </p>
    </div>
    <div>
      <img
        src="/images/org.png"
      />
      <p
        align="center"
      >
        Org10
      </p>
    </div>
    <div>
      <img
        src="/images/org.png"
      />
      <p
        align="center"
      >
        Org11
      </p>
    </div>
    <div>
      <img
        src="/images/org.png"
      />
      <p
        align="center"
      >
        Org12
      </p>
    </div>
    <div>
      <img
        src="/images/org.png"
      />
      <p
        align="center"
      >
        Org13
      </p>
    </div>
    <div>
      <img
        src="/images/org.png"
      />
      <p
        align="center"
      >
        Org14
      </p>
    </div>
  </div>
  <div
    className="row"
    style={
      Object {
        "background-color": "#F7F7F7",
      }
    }
  >
    <div
      style={
        Object {
          "background-color": "#1792E5",
          "margin-left": "15px",
        }
      }
    >
      <button
        class="addorgbtn"
        className="ui medium button primary"
        onClick={[Function]}
        style={
          Object {
            "minWidth": "auto",
          }
        }
        type="button"
      >
        <i
          aria-label=""
          className="h-icon building add left"
          name="add"
          style={Object {}}
          title=""
        />
        Add Org
      </button>
    </div>
  </div>
</div>
`;
